---
source: tui/src/history_cell.rs
expression: rendered
---
• Ran echo ok
<<<<<<< HEAD
=======
  └ (no output)
>>>>>>> upstream/main
