---
source: tui/src/history_cell.rs
assertion_line: 1869
expression: rendered
---
<<<<<<< HEAD
• Ran
  └ a_very_long_token_wi
        thout_spaces_to_
        force_wrapping
=======
• Ran a_very_long_token_
  │ without_spaces_to_
  │ force_wrapping
  └ (no output)
>>>>>>> upstream/main
