---
source: tui/src/bottom_pane/chat_composer.rs
expression: terminal.backend()
---
<<<<<<< HEAD
"▌ /mo                                                       "
"▌                                                           "
"▌/model    choose what model and reasoning effort to use    "
"▌/mention  mention a file                                   "
=======
"                                                            "
"› /mo                                                       "
"  /model    choose what model and reasoning effort to use   "
"  /mention  mention a file                                  "
>>>>>>> upstream/main
