---
source: tui/src/bottom_pane/chat_composer.rs
expression: terminal.backend()
---
<<<<<<< HEAD
"▌ short                                                                                             "
"▌                                                                                                   "
"▌                                                                                                   "
"▌                                                                                                   "
"▌                                                                                                   "
"▌                                                                                                   "
"▌                                                                                                   "
"▌                                                                                                   "
"                                                                                                    "
"⏎ send   ⌃J newline   ⌃T transcript   ⌃C quit                                                       "
=======
"                                                                                                    "
"› short                                                                                             "
"                                                                                                    "
"                                                                                                    "
"                                                                                                    "
"                                                                                                    "
"                                                                                                    "
"                                                                                                    "
"                                                                                                    "
"                                                                                                    "
>>>>>>> upstream/main
