---
source: tui/src/chatwidget/tests.rs
expression: blob2
---
• Exploring...
  └ List ls -la
