---
source: tui/src/chatwidget/tests.rs
expression: blob6
---
• Exploring...
  └ List ls -la
    Read foo.txt, bar.txt
