---
source: tui/src/chatwidget/tests.rs
expression: blob5
---
• Exploring...
  └ List ls -la
    Read foo.txt
