---
source: tui/src/chatwidget/tests.rs
expression: combined
---
<<<<<<< HEAD
> Here is the result.
=======
â€¢ Here is the result.
>>>>>>> upstream/main
