---
source: tui/src/chatwidget/tests.rs
expression: exec_blob
---
• Ran sleep 1
<<<<<<< HEAD
=======
  └ (no output)
>>>>>>> upstream/main
