---
source: tui/src/chatwidget/tests.rs
expression: terminal.backend()
---
"â–Œ Ask Smarty to do anything              "
