---
source: tui/src/chatwidget/tests.rs
assertion_line: 779
expression: terminal.backend()
---
"                                        "
"â–Œ Ask Smarty to do anything              "
"                                        "
