---
source: tui/src/chatwidget/tests.rs
assertion_line: 824
expression: visible_after
---
> > Found small binary artifacts.
  > Consider trimming fixtures for faster tests.
