---
source: tui/src/chatwidget/tests.rs
expression: terminal.backend()
---
"                                                                                "
<<<<<<< HEAD
"  Analyzing (0s • Esc to interrupt)                                             "
"                                                                                "
"▌ Ask Codex to do anything                                                      "
"                                                                                "
"⏎ send   ⌃J newline   ⌃T transcript   ⌃C quit                                   "
=======
"• Analyzing (0s • esc to interrupt)                                             "
"                                                                                "
"                                                                                "
"› Ask Codex to do anything                                                      "
"                                                                                "
"  ? for shortcuts                                                               "
>>>>>>> upstream/main
"                                                                                "
