---
source: tui/src/chatwidget/tests.rs
expression: terminal.backend()
---
"                                                                                "
"? Smarty wants to run echo hello world                                           "
"                                                                                "
"▌Allow command?                                                                 "
"▌ Yes   Always   No, provide feedback                                           "
"▌ Approve and run the command                                                   "
"                                                                                "
